anyio==4.15.1
bidict==0.24.1
blinker==1.9.0
brotli==1.2.0
certifi==2026.7.22
charset-normalizer==3.5.2
click==8.5.0
configargparse==1.8.0
filelock==4.0.12
flask==3.1.3
flask-cors==6.0.5
flask-login==0.6.3
fsspec==2026.9.0
gevent==26.9.0
geventhttpclient==2.5.1
greenlet==3.5.6
h11==0.16.0
hf-xet==1.6.0
httpcore==1.0.9
httpx==0.28.1
huggingface-hub==1.33.0
idna==3.20
iniconfig==2.3.0
itsdangerous==2.2.0
jinja2==3.1.6
locust==2.46.7
markupsafe==3.0.4
msgpack==1.2.3
numpy==2.5.3
packaging==26.3
pluggy==1.6.0
psutil==7.2.2
pygments==2.21.0
pytest==9.1.1
python-engineio==4.14.0
python-socketio==5.17.0
pyyaml==6.0.3
pyzmq==27.2.0
requests==2.34.2
simple-websocket==1.1.0
tqdm==4.70.1
typing-extensions==4.16.0
urllib3==2.8.0
websocket-client==1.9.2
werkzeug==3.1.9
wsproto==1.3.2
zope-event==6.2
zope-interface==8.6
