[2026-10-06 12:03:44,001] Macbook-Pro-Gaohonggg/INFO/locust.main: Starting Locust 2.46.7
[2026-10-06 12:03:44,001] Macbook-Pro-Gaohonggg/INFO/locust.main: Run time limit set to 60 seconds
Type     Name                                                                          # reqs      # fails |    Avg     Min     Max    Med |   req/s  failures/s
--------|----------------------------------------------------------------------------|-------|-------------|-------|-------|-------|-------|--------|-----------
--------|----------------------------------------------------------------------------|-------|-------------|-------|-------|-------|-------|--------|-----------
         Aggregated                                                                         0     0(0.00%) |      0       0       0      0 |    0.00        0.00

[2026-10-06 12:03:44,002] Macbook-Pro-Gaohonggg/INFO/locust.runners: Ramping to 10 users at a rate of 5.00 per second
[2026-10-06 12:03:45,003] Macbook-Pro-Gaohonggg/INFO/locust.runners: All users spawned: {"LlamaServerUser": 10} (10 total users)
Type     Name                                                                          # reqs      # fails |    Avg     Min     Max    Med |   req/s  failures/s
--------|----------------------------------------------------------------------------|-------|-------------|-------|-------|-------|-------|--------|-----------
POST     short                                                                              4     0(0.00%) |   1817    1815    1823   1815 |    0.00        0.00
--------|----------------------------------------------------------------------------|-------|-------------|-------|-------|-------|-------|--------|-----------
         Aggregated                                                                         4     0(0.00%) |   1817    1815    1823   1815 |    0.00        0.00

Type     Name                                                                          # reqs      # fails |    Avg     Min     Max    Med |   req/s  failures/s
--------|----------------------------------------------------------------------------|-------|-------------|-------|-------|-------|-------|--------|-----------
POST     short                                                                              7     0(0.00%) |   2258    1815    2845   1815 |    0.00        0.00
--------|----------------------------------------------------------------------------|-------|-------------|-------|-------|-------|-------|--------|-----------
         Aggregated                                                                         7     0(0.00%) |   2258    1815    2845   1815 |    0.00        0.00

Type     Name                                                                          # reqs      # fails |    Avg     Min     Max    Med |   req/s  failures/s
--------|----------------------------------------------------------------------------|-------|-------------|-------|-------|-------|-------|--------|-----------
POST     long-rag                                                                           1     0(0.00%) |   5531    5531    5531   5531 |    0.00        0.00
POST     short                                                                             10     0(0.00%) |   2838    1815    4537   2800 |    1.33        0.00
--------|----------------------------------------------------------------------------|-------|-------------|-------|-------|-------|-------|--------|-----------
         Aggregated                                                                        11     0(0.00%) |   3082    1815    5531   2800 |    1.33        0.00

Type     Name                                                                          # reqs      # fails |    Avg     Min     Max    Med |   req/s  failures/s
--------|----------------------------------------------------------------------------|-------|-------------|-------|-------|-------|-------|--------|-----------
POST     long-rag                                                                           1     0(0.00%) |   5531    5531    5531   5531 |    0.00        0.00
POST     short                                                                             14     0(0.00%) |   3250    1815    5158   3200 |    1.40        0.00
--------|----------------------------------------------------------------------------|-------|-------------|-------|-------|-------|-------|--------|-----------
         Aggregated                                                                        15     0(0.00%) |   3402    1815    5531   3200 |    1.40        0.00

Type     Name                                                                          # reqs      # fails |    Avg     Min     Max    Med |   req/s  failures/s
--------|----------------------------------------------------------------------------|-------|-------------|-------|-------|-------|-------|--------|-----------
POST     long-rag                                                                           2     0(0.00%) |   4862    4194    5531   5500 |    0.14        0.00
POST     short                                                                             17     0(0.00%) |   3452    1815    5158   3500 |    1.57        0.00
--------|----------------------------------------------------------------------------|-------|-------------|-------|-------|-------|-------|--------|-----------
         Aggregated                                                                        19     0(0.00%) |   3601    1815    5531   3800 |    1.71        0.00

Type     Name                                                                          # reqs      # fails |    Avg     Min     Max    Med |   req/s  failures/s
--------|----------------------------------------------------------------------------|-------|-------------|-------|-------|-------|-------|--------|-----------
POST     long-rag                                                                           2     0(0.00%) |   4862    4194    5531   5500 |    0.11        0.00
POST     short                                                                             19     0(0.00%) |   3497    1815    5158   3500 |    1.56        0.00
--------|----------------------------------------------------------------------------|-------|-------------|-------|-------|-------|-------|--------|-----------
         Aggregated                                                                        21     0(0.00%) |   3627    1815    5531   3800 |    1.67        0.00

Type     Name                                                                          # reqs      # fails |    Avg     Min     Max    Med |   req/s  failures/s
--------|----------------------------------------------------------------------------|-------|-------------|-------|-------|-------|-------|--------|-----------
POST     long-rag                                                                           3     0(0.00%) |   5813    4194    7713   5500 |    0.20        0.00
POST     short                                                                             20     0(0.00%) |   3556    1815    5158   3800 |    1.70        0.00
--------|----------------------------------------------------------------------------|-------|-------------|-------|-------|-------|-------|--------|-----------
         Aggregated                                                                        23     0(0.00%) |   3851    1815    7713   3900 |    1.90        0.00

Type     Name                                                                          # reqs      # fails |    Avg     Min     Max    Med |   req/s  failures/s
--------|----------------------------------------------------------------------------|-------|-------------|-------|-------|-------|-------|--------|-----------
POST     long-rag                                                                           5     0(0.00%) |   6088    4194    7713   6200 |    0.20        0.00
POST     short                                                                             22     0(0.00%) |   3725    1815    5614   3900 |    1.50        0.00
--------|----------------------------------------------------------------------------|-------|-------------|-------|-------|-------|-------|--------|-----------
         Aggregated                                                                        27     0(0.00%) |   4163    1815    7713   4500 |    1.70        0.00

Type     Name                                                                          # reqs      # fails |    Avg     Min     Max    Med |   req/s  failures/s
--------|----------------------------------------------------------------------------|-------|-------------|-------|-------|-------|-------|--------|-----------
POST     long-rag                                                                           6     0(0.00%) |   6326    4194    7713   6800 |    0.40        0.00
POST     short                                                                             25     0(0.00%) |   3991    1815    6434   4500 |    1.30        0.00
--------|----------------------------------------------------------------------------|-------|-------------|-------|-------|-------|-------|--------|-----------
         Aggregated                                                                        31     0(0.00%) |   4443    1815    7713   4600 |    1.70        0.00

Type     Name                                                                          # reqs      # fails |    Avg     Min     Max    Med |   req/s  failures/s
--------|----------------------------------------------------------------------------|-------|-------------|-------|-------|-------|-------|--------|-----------
POST     long-rag                                                                           6     0(0.00%) |   6326    4194    7713   6800 |    0.50        0.00
POST     short                                                                             28     0(0.00%) |   4043    1815    6434   4500 |    1.20        0.00
--------|----------------------------------------------------------------------------|-------|-------------|-------|-------|-------|-------|--------|-----------
         Aggregated                                                                        34     0(0.00%) |   4446    1815    7713   4600 |    1.70        0.00

Type     Name                                                                          # reqs      # fails |    Avg     Min     Max    Med |   req/s  failures/s
--------|----------------------------------------------------------------------------|-------|-------------|-------|-------|-------|-------|--------|-----------
POST     long-rag                                                                           7     0(0.00%) |   6178    4194    7713   6200 |    0.50        0.00
POST     short                                                                             31     0(0.00%) |   4026    1815    6434   4200 |    1.30        0.00
--------|----------------------------------------------------------------------------|-------|-------------|-------|-------|-------|-------|--------|-----------
         Aggregated                                                                        38     0(0.00%) |   4422    1815    7713   4500 |    1.80        0.00

Type     Name                                                                          # reqs      # fails |    Avg     Min     Max    Med |   req/s  failures/s
--------|----------------------------------------------------------------------------|-------|-------------|-------|-------|-------|-------|--------|-----------
POST     long-rag                                                                           7     0(0.00%) |   6178    4194    7713   6200 |    0.40        0.00
POST     short                                                                             37     0(0.00%) |   4004    1815    6434   4100 |    1.40        0.00
--------|----------------------------------------------------------------------------|-------|-------------|-------|-------|-------|-------|--------|-----------
         Aggregated                                                                        44     0(0.00%) |   4350    1815    7713   4400 |    1.80        0.00

Type     Name                                                                          # reqs      # fails |    Avg     Min     Max    Med |   req/s  failures/s
--------|----------------------------------------------------------------------------|-------|-------------|-------|-------|-------|-------|--------|-----------
POST     long-rag                                                                           7     0(0.00%) |   6178    4194    7713   6200 |    0.50        0.00
POST     short                                                                             41     0(0.00%) |   3943    1815    6434   4000 |    1.60        0.00
--------|----------------------------------------------------------------------------|-------|-------------|-------|-------|-------|-------|--------|-----------
         Aggregated                                                                        48     0(0.00%) |   4269    1815    7713   4200 |    2.10        0.00

Type     Name                                                                          # reqs      # fails |    Avg     Min     Max    Med |   req/s  failures/s
--------|----------------------------------------------------------------------------|-------|-------------|-------|-------|-------|-------|--------|-----------
POST     long-rag                                                                           8     0(0.00%) |   5979    4194    7713   6200 |    0.30        0.00
POST     short                                                                             43     0(0.00%) |   3957    1815    6434   4100 |    1.90        0.00
--------|----------------------------------------------------------------------------|-------|-------------|-------|-------|-------|-------|--------|-----------
         Aggregated                                                                        51     0(0.00%) |   4274    1815    7713   4200 |    2.20        0.00

Type     Name                                                                          # reqs      # fails |    Avg     Min     Max    Med |   req/s  failures/s
--------|----------------------------------------------------------------------------|-------|-------------|-------|-------|-------|-------|--------|-----------
POST     long-rag                                                                           9     0(0.00%) |   5848    4194    7713   5500 |    0.20        0.00
POST     short                                                                             45     0(0.00%) |   3993    1815    6434   4100 |    1.80        0.00
--------|----------------------------------------------------------------------------|-------|-------------|-------|-------|-------|-------|--------|-----------
         Aggregated                                                                        54     0(0.00%) |   4303    1815    7713   4300 |    2.00        0.00

Type     Name                                                                          # reqs      # fails |    Avg     Min     Max    Med |   req/s  failures/s
--------|----------------------------------------------------------------------------|-------|-------------|-------|-------|-------|-------|--------|-----------
POST     long-rag                                                                          10     0(0.00%) |   5851    4194    7713   5900 |    0.30        0.00
POST     short                                                                             46     0(0.00%) |   4002    1815    6434   4200 |    1.60        0.00
--------|----------------------------------------------------------------------------|-------|-------------|-------|-------|-------|-------|--------|-----------
         Aggregated                                                                        56     0(0.00%) |   4332    1815    7713   4400 |    1.90        0.00

Type     Name                                                                          # reqs      # fails |    Avg     Min     Max    Med |   req/s  failures/s
--------|----------------------------------------------------------------------------|-------|-------------|-------|-------|-------|-------|--------|-----------
POST     long-rag                                                                          12     0(0.00%) |   5856    4194    7713   5900 |    0.40        0.00
POST     short                                                                             48     0(0.00%) |   4051    1815    6434   4200 |    1.40        0.00
--------|----------------------------------------------------------------------------|-------|-------------|-------|-------|-------|-------|--------|-----------
         Aggregated                                                                        60     0(0.00%) |   4412    1815    7713   4500 |    1.80        0.00

Type     Name                                                                          # reqs      # fails |    Avg     Min     Max    Med |   req/s  failures/s
--------|----------------------------------------------------------------------------|-------|-------------|-------|-------|-------|-------|--------|-----------
POST     long-rag                                                                          13     0(0.00%) |   5957    4194    7713   5900 |    0.50        0.00
POST     short                                                                             51     0(0.00%) |   4085    1815    6434   4200 |    1.20        0.00
--------|----------------------------------------------------------------------------|-------|-------------|-------|-------|-------|-------|--------|-----------
         Aggregated                                                                        64     0(0.00%) |   4465    1815    7713   4500 |    1.70        0.00

Type     Name                                                                          # reqs      # fails |    Avg     Min     Max    Med |   req/s  failures/s
--------|----------------------------------------------------------------------------|-------|-------------|-------|-------|-------|-------|--------|-----------
POST     long-rag                                                                          14     0(0.00%) |   5943    4194    7713   5900 |    0.50        0.00
POST     short                                                                             55     0(0.00%) |   4080    1815    6434   4200 |    1.10        0.00
--------|----------------------------------------------------------------------------|-------|-------------|-------|-------|-------|-------|--------|-----------
         Aggregated                                                                        69     0(0.00%) |   4458    1815    7713   4400 |    1.60        0.00

Type     Name                                                                          # reqs      # fails |    Avg     Min     Max    Med |   req/s  failures/s
--------|----------------------------------------------------------------------------|-------|-------------|-------|-------|-------|-------|--------|-----------
POST     long-rag                                                                          14     0(0.00%) |   5943    4194    7713   5900 |    0.60        0.00
POST     short                                                                             61     0(0.00%) |   4028    1815    6434   4200 |    1.20        0.00
--------|----------------------------------------------------------------------------|-------|-------------|-------|-------|-------|-------|--------|-----------
         Aggregated                                                                        75     0(0.00%) |   4386    1815    7713   4300 |    1.80        0.00

Type     Name                                                                          # reqs      # fails |    Avg     Min     Max    Med |   req/s  failures/s
--------|----------------------------------------------------------------------------|-------|-------------|-------|-------|-------|-------|--------|-----------
POST     long-rag                                                                          14     0(0.00%) |   5943    4194    7713   5900 |    0.50        0.00
POST     short                                                                             64     0(0.00%) |   3986    1815    6434   4100 |    1.40        0.00
--------|----------------------------------------------------------------------------|-------|-------------|-------|-------|-------|-------|--------|-----------
         Aggregated                                                                        78     0(0.00%) |   4338    1815    7713   4300 |    1.90        0.00

Type     Name                                                                          # reqs      # fails |    Avg     Min     Max    Med |   req/s  failures/s
--------|----------------------------------------------------------------------------|-------|-------------|-------|-------|-------|-------|--------|-----------
POST     long-rag                                                                          15     0(0.00%) |   5895    4194    7713   5800 |    0.40        0.00
POST     short                                                                             67     0(0.00%) |   3957    1815    6434   4000 |    1.60        0.00
--------|----------------------------------------------------------------------------|-------|-------------|-------|-------|-------|-------|--------|-----------
         Aggregated                                                                        82     0(0.00%) |   4311    1815    7713   4300 |    2.00        0.00

Type     Name                                                                          # reqs      # fails |    Avg     Min     Max    Med |   req/s  failures/s
--------|----------------------------------------------------------------------------|-------|-------------|-------|-------|-------|-------|--------|-----------
POST     long-rag                                                                          15     0(0.00%) |   5895    4194    7713   5800 |    0.20        0.00
POST     short                                                                             71     0(0.00%) |   3937    1815    6434   4000 |    1.90        0.00
--------|----------------------------------------------------------------------------|-------|-------------|-------|-------|-------|-------|--------|-----------
         Aggregated                                                                        86     0(0.00%) |   4278    1815    7713   4300 |    2.10        0.00

Type     Name                                                                          # reqs      # fails |    Avg     Min     Max    Med |   req/s  failures/s
--------|----------------------------------------------------------------------------|-------|-------------|-------|-------|-------|-------|--------|-----------
POST     long-rag                                                                          16     0(0.00%) |   5911    4194    7713   5900 |    0.30        0.00
POST     short                                                                             72     0(0.00%) |   3939    1815    6434   4100 |    1.90        0.00
--------|----------------------------------------------------------------------------|-------|-------------|-------|-------|-------|-------|--------|-----------
         Aggregated                                                                        88     0(0.00%) |   4298    1815    7713   4300 |    2.20        0.00

Type     Name                                                                          # reqs      # fails |    Avg     Min     Max    Med |   req/s  failures/s
--------|----------------------------------------------------------------------------|-------|-------------|-------|-------|-------|-------|--------|-----------
POST     long-rag                                                                          18     0(0.00%) |   5823    4194    7713   5900 |    0.20        0.00
POST     short                                                                             73     0(0.00%) |   3955    1815    6434   4100 |    1.80        0.00
--------|----------------------------------------------------------------------------|-------|-------------|-------|-------|-------|-------|--------|-----------
         Aggregated                                                                        91     0(0.00%) |   4324    1815    7713   4300 |    2.00        0.00

Type     Name                                                                          # reqs      # fails |    Avg     Min     Max    Med |   req/s  failures/s
--------|----------------------------------------------------------------------------|-------|-------------|-------|-------|-------|-------|--------|-----------
POST     long-rag                                                                          19     0(0.00%) |   5895    4194    7713   5900 |    0.40        0.00
POST     short                                                                             75     0(0.00%) |   3982    1815    6434   4100 |    1.50        0.00
--------|----------------------------------------------------------------------------|-------|-------------|-------|-------|-------|-------|--------|-----------
         Aggregated                                                                        94     0(0.00%) |   4369    1815    7713   4300 |    1.90        0.00

Type     Name                                                                          # reqs      # fails |    Avg     Min     Max    Med |   req/s  failures/s
--------|----------------------------------------------------------------------------|-------|-------------|-------|-------|-------|-------|--------|-----------
POST     long-rag                                                                          20     0(0.00%) |   5944    4194    7713   5900 |    0.40        0.00
POST     short                                                                             76     0(0.00%) |   3997    1815    6434   4100 |    1.30        0.00
--------|----------------------------------------------------------------------------|-------|-------------|-------|-------|-------|-------|--------|-----------
         Aggregated                                                                        96     0(0.00%) |   4403    1815    7713   4300 |    1.70        0.00

[2026-10-06 12:04:39,949] Macbook-Pro-Gaohonggg/INFO/locust.main: --run-time limit reached, shutting down
[2026-10-06 12:04:39,966] Macbook-Pro-Gaohonggg/INFO/locust.main: Shutting down (exit code 0)
Type     Name                                                                          # reqs      # fails |    Avg     Min     Max    Med |   req/s  failures/s
--------|----------------------------------------------------------------------------|-------|-------------|-------|-------|-------|-------|--------|-----------
POST     long-rag                                                                          22     0(0.00%) |   6066    4194    7713   6200 |    0.40        0.00
POST     short                                                                             78     0(0.00%) |   4026    1815    6434   4200 |    1.41        0.00
--------|----------------------------------------------------------------------------|-------|-------------|-------|-------|-------|-------|--------|-----------
         Aggregated                                                                       100     0(0.00%) |   4474    1815    7713   4400 |    1.81        0.00

Response time percentiles (approximated)
Type     Name                                                                                  50%    66%    75%    80%    90%    95%    98%    99%  99.9% 99.99%   100% # reqs
--------|--------------------------------------------------------------------------------|--------|------|------|------|------|------|------|------|------|------|------|------
POST     long-rag                                                                             6200   6800   7200   7200   7300   7500   7700   7700   7700   7700   7700     22
POST     short                                                                                4200   4500   4700   4700   5500   5600   5900   6400   6400   6400   6400     78
--------|--------------------------------------------------------------------------------|--------|------|------|------|------|------|------|------|------|------|------|------
         Aggregated                                                                           4400   4800   5300   5500   6400   7200   7500   7700   7700   7700   7700    100

