
────────────────────────────────────────────────────────────────
  Recording http://localhost:8080/metrics for 60s
────────────────────────────────────────────────────────────────
  Drive load in another terminal (make load-50) or these will all read idle.

   busy_slots= 3.89  processing=  0  deferred=  0  tok_pred=    5994
   (scrape failed)
   (scrape failed)
   (scrape failed)
   (scrape failed)
   (scrape failed)
   (scrape failed)
   (scrape failed)
   (scrape failed)
   (scrape failed)
   (scrape failed)
   busy_slots= 3.94  processing=  4  deferred= 44  tok_pred=   11287
   busy_slots= 3.94  processing=  4  deferred= 45  tok_pred=   11443
   busy_slots= 3.94  processing=  4  deferred= 45  tok_pred=   11587
   busy_slots= 3.94  processing=  4  deferred= 43  tok_pred=   11915

==> Wrote benchmarks/02-server-metrics-u50.csv
==> Wrote benchmarks/02-server-batching-u50.md

  Highest sampled n_busy_slots_per_decode = 3.94 of 4 slots
