[2026-10-06 12:11:46,654] Macbook-Pro-Gaohonggg/INFO/locust.main: Starting Locust 2.46.7
[2026-10-06 12:11:46,654] Macbook-Pro-Gaohonggg/INFO/locust.main: Run time limit set to 60 seconds
Type     Name                                                                          # reqs      # fails |    Avg     Min     Max    Med |   req/s  failures/s
--------|----------------------------------------------------------------------------|-------|-------------|-------|-------|-------|-------|--------|-----------
--------|----------------------------------------------------------------------------|-------|-------------|-------|-------|-------|-------|--------|-----------
         Aggregated                                                                         0     0(0.00%) |      0       0       0      0 |    0.00        0.00

[2026-10-06 12:11:46,655] Macbook-Pro-Gaohonggg/INFO/locust.runners: Ramping to 50 users at a rate of 25.00 per second
[2026-10-06 12:11:47,659] Macbook-Pro-Gaohonggg/INFO/locust.runners: All users spawned: {"LlamaServerUser": 50} (50 total users)
Type     Name                                                                          # reqs      # fails |    Avg     Min     Max    Med |   req/s  failures/s
--------|----------------------------------------------------------------------------|-------|-------------|-------|-------|-------|-------|--------|-----------
POST     short                                                                              4     0(0.00%) |   1891    1891    1892   1892 |    0.00        0.00
--------|----------------------------------------------------------------------------|-------|-------------|-------|-------|-------|-------|--------|-----------
         Aggregated                                                                         4     0(0.00%) |   1891    1891    1892   1892 |    0.00        0.00

Type     Name                                                                          # reqs      # fails |    Avg     Min     Max    Med |   req/s  failures/s
--------|----------------------------------------------------------------------------|-------|-------------|-------|-------|-------|-------|--------|-----------
POST     short                                                                              8     0(0.00%) |   2712    1891    3566   3400 |    0.00        0.00
--------|----------------------------------------------------------------------------|-------|-------------|-------|-------|-------|-------|--------|-----------
         Aggregated                                                                         8     0(0.00%) |   2712    1891    3566   3400 |    0.00        0.00

Type     Name                                                                          # reqs      # fails |    Avg     Min     Max    Med |   req/s  failures/s
--------|----------------------------------------------------------------------------|-------|-------------|-------|-------|-------|-------|--------|-----------
POST     long-rag                                                                           1     0(0.00%) |   5269    5269    5269   5269 |    0.00        0.00
POST     short                                                                             11     0(0.00%) |   3396    1891    5265   3600 |    1.33        0.00
--------|----------------------------------------------------------------------------|-------|-------------|-------|-------|-------|-------|--------|-----------
         Aggregated                                                                        12     0(0.00%) |   3552    1891    5269   3600 |    1.33        0.00

Type     Name                                                                          # reqs      # fails |    Avg     Min     Max    Med |   req/s  failures/s
--------|----------------------------------------------------------------------------|-------|-------------|-------|-------|-------|-------|--------|-----------
POST     long-rag                                                                           2     0(0.00%) |   6637    5269    8006   8000 |    0.17        0.00
POST     short                                                                             12     0(0.00%) |   3719    1891    7269   3600 |    1.83        0.00
--------|----------------------------------------------------------------------------|-------|-------------|-------|-------|-------|-------|--------|-----------
         Aggregated                                                                        14     0(0.00%) |   4135    1891    8006   3600 |    2.00        0.00

Type     Name                                                                          # reqs      # fails |    Avg     Min     Max    Med |   req/s  failures/s
--------|----------------------------------------------------------------------------|-------|-------------|-------|-------|-------|-------|--------|-----------
POST     long-rag                                                                           4     0(0.00%) |   7737    5269    8836   8800 |    0.12        0.00
POST     short                                                                             14     0(0.00%) |   4532    1891    9780   3600 |    1.50        0.00
--------|----------------------------------------------------------------------------|-------|-------------|-------|-------|-------|-------|--------|-----------
         Aggregated                                                                        18     0(0.00%) |   5244    1891    9780   5300 |    1.62        0.00

Type     Name                                                                          # reqs      # fails |    Avg     Min     Max    Med |   req/s  failures/s
--------|----------------------------------------------------------------------------|-------|-------------|-------|-------|-------|-------|--------|-----------
POST     long-rag                                                                           4     0(0.00%) |   7737    5269    8836   8800 |    0.40        0.00
POST     short                                                                             17     0(0.00%) |   5643    1891   11385   5100 |    1.30        0.00
--------|----------------------------------------------------------------------------|-------|-------------|-------|-------|-------|-------|--------|-----------
         Aggregated                                                                        21     0(0.00%) |   6041    1891   11385   5300 |    1.70        0.00

Type     Name                                                                          # reqs      # fails |    Avg     Min     Max    Med |   req/s  failures/s
--------|----------------------------------------------------------------------------|-------|-------------|-------|-------|-------|-------|--------|-----------
POST     long-rag                                                                           6     0(0.00%) |   9688    5269   13810   8800 |    0.40        0.00
POST     short                                                                             18     0(0.00%) |   6055    1891   13074   5300 |    1.60        0.00
--------|----------------------------------------------------------------------------|-------|-------------|-------|-------|-------|-------|--------|-----------
         Aggregated                                                                        24     0(0.00%) |   6964    1891   13810   7300 |    2.00        0.00

Type     Name                                                                          # reqs      # fails |    Avg     Min     Max    Med |   req/s  failures/s
--------|----------------------------------------------------------------------------|-------|-------------|-------|-------|-------|-------|--------|-----------
POST     long-rag                                                                           7     0(0.00%) |  10334    5269   14210   8800 |    0.40        0.00
POST     short                                                                             22     0(0.00%) |   7566    1891   14951   7300 |    1.40        0.00
--------|----------------------------------------------------------------------------|-------|-------------|-------|-------|-------|-------|--------|-----------
         Aggregated                                                                        29     0(0.00%) |   8235    1891   14951   8800 |    1.80        0.00

Type     Name                                                                          # reqs      # fails |    Avg     Min     Max    Med |   req/s  failures/s
--------|----------------------------------------------------------------------------|-------|-------------|-------|-------|-------|-------|--------|-----------
POST     long-rag                                                                           7     0(0.00%) |  10334    5269   14210   8800 |    0.60        0.00
POST     short                                                                             26     0(0.00%) |   8859    1891   16386   9800 |    0.90        0.00
--------|----------------------------------------------------------------------------|-------|-------------|-------|-------|-------|-------|--------|-----------
         Aggregated                                                                        33     0(0.00%) |   9172    1891   16386   9100 |    1.50        0.00

Type     Name                                                                          # reqs      # fails |    Avg     Min     Max    Med |   req/s  failures/s
--------|----------------------------------------------------------------------------|-------|-------------|-------|-------|-------|-------|--------|-----------
POST     long-rag                                                                           7     0(0.00%) |  10334    5269   14210   8800 |    0.60        0.00
POST     short                                                                             29     0(0.00%) |   9798    1891   18617  10000 |    1.30        0.00
--------|----------------------------------------------------------------------------|-------|-------------|-------|-------|-------|-------|--------|-----------
         Aggregated                                                                        36     0(0.00%) |   9902    1891   18617  10000 |    1.90        0.00

Type     Name                                                                          # reqs      # fails |    Avg     Min     Max    Med |   req/s  failures/s
--------|----------------------------------------------------------------------------|-------|-------------|-------|-------|-------|-------|--------|-----------
POST     long-rag                                                                           9     0(0.00%) |  12592    5269   20754  13000 |    0.30        0.00
POST     short                                                                             29     0(0.00%) |   9798    1891   18617  10000 |    1.50        0.00
--------|----------------------------------------------------------------------------|-------|-------------|-------|-------|-------|-------|--------|-----------
         Aggregated                                                                        38     0(0.00%) |  10460    1891   20754  11000 |    1.80        0.00

Type     Name                                                                          # reqs      # fails |    Avg     Min     Max    Med |   req/s  failures/s
--------|----------------------------------------------------------------------------|-------|-------------|-------|-------|-------|-------|--------|-----------
POST     long-rag                                                                          11     0(0.00%) |  14194    5269   21587  14000 |    0.40        0.00
POST     short                                                                             32     0(0.00%) |  10886    1891   22016  11000 |    1.30        0.00
--------|----------------------------------------------------------------------------|-------|-------------|-------|-------|-------|-------|--------|-----------
         Aggregated                                                                        43     0(0.00%) |  11732    1891   22016  13000 |    1.70        0.00

Type     Name                                                                          # reqs      # fails |    Avg     Min     Max    Med |   req/s  failures/s
--------|----------------------------------------------------------------------------|-------|-------------|-------|-------|-------|-------|--------|-----------
POST     long-rag                                                                          11     0(0.00%) |  14194    5269   21587  14000 |    0.70        0.00
POST     short                                                                             36     0(0.00%) |  12077    1891   22016  14000 |    1.20        0.00
--------|----------------------------------------------------------------------------|-------|-------------|-------|-------|-------|-------|--------|-----------
         Aggregated                                                                        47     0(0.00%) |  12573    1891   22016  14000 |    1.90        0.00

Type     Name                                                                          # reqs      # fails |    Avg     Min     Max    Med |   req/s  failures/s
--------|----------------------------------------------------------------------------|-------|-------------|-------|-------|-------|-------|--------|-----------
POST     long-rag                                                                          12     0(0.00%) |  14826    5269   21769  14000 |    0.40        0.00
POST     short                                                                             39     0(0.00%) |  12798    1891   22016  14000 |    1.40        0.00
--------|----------------------------------------------------------------------------|-------|-------------|-------|-------|-------|-------|--------|-----------
         Aggregated                                                                        51     0(0.00%) |  13275    1891   22016  14000 |    1.80        0.00

Type     Name                                                                          # reqs      # fails |    Avg     Min     Max    Med |   req/s  failures/s
--------|----------------------------------------------------------------------------|-------|-------------|-------|-------|-------|-------|--------|-----------
POST     long-rag                                                                          13     0(0.00%) |  15477    5269   23296  14000 |    0.40        0.00
POST     short                                                                             42     0(0.00%) |  13599    1891   28331  15000 |    1.30        0.00
--------|----------------------------------------------------------------------------|-------|-------------|-------|-------|-------|-------|--------|-----------
         Aggregated                                                                        55     0(0.00%) |  14043    1891   28331  15000 |    1.70        0.00

Type     Name                                                                          # reqs      # fails |    Avg     Min     Max    Med |   req/s  failures/s
--------|----------------------------------------------------------------------------|-------|-------------|-------|-------|-------|-------|--------|-----------
POST     long-rag                                                                          14     0(0.00%) |  16033    5269   23296  20000 |    0.60        0.00
POST     short                                                                             45     0(0.00%) |  14081    1891   28331  16000 |    1.30        0.00
--------|----------------------------------------------------------------------------|-------|-------------|-------|-------|-------|-------|--------|-----------
         Aggregated                                                                        59     0(0.00%) |  14544    1891   28331  16000 |    1.90        0.00

Type     Name                                                                          # reqs      # fails |    Avg     Min     Max    Med |   req/s  failures/s
--------|----------------------------------------------------------------------------|-------|-------------|-------|-------|-------|-------|--------|-----------
POST     long-rag                                                                          14     0(0.00%) |  16033    5269   23296  20000 |    0.50        0.00
POST     short                                                                             50     0(0.00%) |  15058    1891   32701  16000 |    1.50        0.00
--------|----------------------------------------------------------------------------|-------|-------------|-------|-------|-------|-------|--------|-----------
         Aggregated                                                                        64     0(0.00%) |  15271    1891   32701  16000 |    2.00        0.00

Type     Name                                                                          # reqs      # fails |    Avg     Min     Max    Med |   req/s  failures/s
--------|----------------------------------------------------------------------------|-------|-------------|-------|-------|-------|-------|--------|-----------
POST     long-rag                                                                          14     0(0.00%) |  16033    5269   23296  20000 |    0.30        0.00
POST     short                                                                             53     0(0.00%) |  15381    1891   32701  17000 |    1.80        0.00
--------|----------------------------------------------------------------------------|-------|-------------|-------|-------|-------|-------|--------|-----------
         Aggregated                                                                        67     0(0.00%) |  15517    1891   32701  17000 |    2.10        0.00

Type     Name                                                                          # reqs      # fails |    Avg     Min     Max    Med |   req/s  failures/s
--------|----------------------------------------------------------------------------|-------|-------------|-------|-------|-------|-------|--------|-----------
POST     long-rag                                                                          15     0(0.00%) |  16506    5269   23296  20000 |    0.30        0.00
POST     short                                                                             58     0(0.00%) |  16137    1891   36731  20000 |    1.70        0.00
--------|----------------------------------------------------------------------------|-------|-------------|-------|-------|-------|-------|--------|-----------
         Aggregated                                                                        73     0(0.00%) |  16213    1891   36731  20000 |    2.00        0.00

Type     Name                                                                          # reqs      # fails |    Avg     Min     Max    Med |   req/s  failures/s
--------|----------------------------------------------------------------------------|-------|-------------|-------|-------|-------|-------|--------|-----------
POST     long-rag                                                                          16     0(0.00%) |  16827    5269   23296  21000 |    0.40        0.00
POST     short                                                                             61     0(0.00%) |  16411    1891   36731  20000 |    1.80        0.00
--------|----------------------------------------------------------------------------|-------|-------------|-------|-------|-------|-------|--------|-----------
         Aggregated                                                                        77     0(0.00%) |  16497    1891   36731  20000 |    2.20        0.00

Type     Name                                                                          # reqs      # fails |    Avg     Min     Max    Med |   req/s  failures/s
--------|----------------------------------------------------------------------------|-------|-------------|-------|-------|-------|-------|--------|-----------
POST     long-rag                                                                          17     0(0.00%) |  17185    5269   23296  21000 |    0.20        0.00
POST     short                                                                             64     0(0.00%) |  16616    1891   36731  21000 |    1.80        0.00
--------|----------------------------------------------------------------------------|-------|-------------|-------|-------|-------|-------|--------|-----------
         Aggregated                                                                        81     0(0.00%) |  16735    1891   36731  21000 |    2.00        0.00

Type     Name                                                                          # reqs      # fails |    Avg     Min     Max    Med |   req/s  failures/s
--------|----------------------------------------------------------------------------|-------|-------------|-------|-------|-------|-------|--------|-----------
POST     long-rag                                                                          18     0(0.00%) |  18552    5269   41789  21000 |    0.30        0.00
POST     short                                                                             67     0(0.00%) |  16791    1891   36731  20000 |    1.80        0.00
--------|----------------------------------------------------------------------------|-------|-------------|-------|-------|-------|-------|--------|-----------
         Aggregated                                                                        85     0(0.00%) |  17164    1891   41789  21000 |    2.10        0.00

Type     Name                                                                          # reqs      # fails |    Avg     Min     Max    Med |   req/s  failures/s
--------|----------------------------------------------------------------------------|-------|-------------|-------|-------|-------|-------|--------|-----------
POST     long-rag                                                                          18     0(0.00%) |  18552    5269   41789  21000 |    0.30        0.00
POST     short                                                                             71     0(0.00%) |  16997    1891   36731  20000 |    1.80        0.00
--------|----------------------------------------------------------------------------|-------|-------------|-------|-------|-------|-------|--------|-----------
         Aggregated                                                                        89     0(0.00%) |  17312    1891   41789  21000 |    2.10        0.00

Type     Name                                                                          # reqs      # fails |    Avg     Min     Max    Med |   req/s  failures/s
--------|----------------------------------------------------------------------------|-------|-------------|-------|-------|-------|-------|--------|-----------
POST     long-rag                                                                          19     0(0.00%) |  18690    5269   41789  21000 |    0.40        0.00
POST     short                                                                             74     0(0.00%) |  17123    1891   36731  20000 |    2.00        0.00
--------|----------------------------------------------------------------------------|-------|-------------|-------|-------|-------|-------|--------|-----------
         Aggregated                                                                        93     0(0.00%) |  17443    1891   41789  20000 |    2.40        0.00

Type     Name                                                                          # reqs      # fails |    Avg     Min     Max    Med |   req/s  failures/s
--------|----------------------------------------------------------------------------|-------|-------------|-------|-------|-------|-------|--------|-----------
POST     long-rag                                                                          19     0(0.00%) |  18690    5269   41789  21000 |    0.30        0.00
POST     short                                                                             78     0(0.00%) |  17653    1891   47301  20000 |    1.80        0.00
--------|----------------------------------------------------------------------------|-------|-------------|-------|-------|-------|-------|--------|-----------
         Aggregated                                                                        97     0(0.00%) |  17856    1891   47301  21000 |    2.10        0.00

Type     Name                                                                          # reqs      # fails |    Avg     Min     Max    Med |   req/s  failures/s
--------|----------------------------------------------------------------------------|-------|-------------|-------|-------|-------|-------|--------|-----------
POST     long-rag                                                                          20     0(0.00%) |  18906    5269   41789  21000 |    0.40        0.00
POST     short                                                                             81     0(0.00%) |  17768    1891   47301  20000 |    1.80        0.00
--------|----------------------------------------------------------------------------|-------|-------------|-------|-------|-------|-------|--------|-----------
         Aggregated                                                                       101     0(0.00%) |  17994    1891   47301  21000 |    2.20        0.00

Type     Name                                                                          # reqs      # fails |    Avg     Min     Max    Med |   req/s  failures/s
--------|----------------------------------------------------------------------------|-------|-------------|-------|-------|-------|-------|--------|-----------
POST     long-rag                                                                          21     0(0.00%) |  19035    5269   41789  21000 |    0.30        0.00
POST     short                                                                             83     0(0.00%) |  18240    1891   53024  21000 |    1.80        0.00
--------|----------------------------------------------------------------------------|-------|-------------|-------|-------|-------|-------|--------|-----------
         Aggregated                                                                       104     0(0.00%) |  18401    1891   53024  21000 |    2.10        0.00

Type     Name                                                                          # reqs      # fails |    Avg     Min     Max    Med |   req/s  failures/s
--------|----------------------------------------------------------------------------|-------|-------------|-------|-------|-------|-------|--------|-----------
POST     long-rag                                                                          22     0(0.00%) |  19238    5269   41789  22000 |    0.20        0.00
POST     short                                                                             85     0(0.00%) |  18323    1891   53024  21000 |    1.60        0.00
--------|----------------------------------------------------------------------------|-------|-------------|-------|-------|-------|-------|--------|-----------
         Aggregated                                                                       107     0(0.00%) |  18511    1891   53024  21000 |    1.80        0.00

Type     Name                                                                          # reqs      # fails |    Avg     Min     Max    Med |   req/s  failures/s
--------|----------------------------------------------------------------------------|-------|-------------|-------|-------|-------|-------|--------|-----------
POST     long-rag                                                                          23     0(0.00%) |  19437    5269   41789  22000 |    0.30        0.00
POST     short                                                                             88     0(0.00%) |  18460    1891   53024  21000 |    1.30        0.00
--------|----------------------------------------------------------------------------|-------|-------------|-------|-------|-------|-------|--------|-----------
         Aggregated                                                                       111     0(0.00%) |  18662    1891   53024  21000 |    1.60        0.00

[2026-10-06 12:12:46,500] Macbook-Pro-Gaohonggg/INFO/locust.main: --run-time limit reached, shutting down
[2026-10-06 12:12:46,518] Macbook-Pro-Gaohonggg/INFO/locust.main: Shutting down (exit code 0)
Type     Name                                                                          # reqs      # fails |    Avg     Min     Max    Med |   req/s  failures/s
--------|----------------------------------------------------------------------------|-------|-------------|-------|-------|-------|-------|--------|-----------
POST     long-rag                                                                          24     0(0.00%) |  19643    5269   41789  22000 |    0.40        0.00
POST     short                                                                             91     0(0.00%) |  19006    1891   58682  21000 |    1.52        0.00
--------|----------------------------------------------------------------------------|-------|-------------|-------|-------|-------|-------|--------|-----------
         Aggregated                                                                       115     0(0.00%) |  19139    1891   58682  21000 |    1.93        0.00

Response time percentiles (approximated)
Type     Name                                                                                  50%    66%    75%    80%    90%    95%    98%    99%  99.9% 99.99%   100% # reqs
--------|--------------------------------------------------------------------------------|--------|------|------|------|------|------|------|------|------|------|------|------
POST     long-rag                                                                            22000  23000  23000  23000  24000  24000  42000  42000  42000  42000  42000     24
POST     short                                                                               21000  21000  22000  22000  22000  33000  53000  59000  59000  59000  59000     91
--------|--------------------------------------------------------------------------------|--------|------|------|------|------|------|------|------|------|------|------|------
         Aggregated                                                                          21000  21000  22000  22000  23000  33000  47000  53000  59000  59000  59000    115

